src/app/api/auth/stripe-check/route.ts(145,46): error TS2339: Property 'current_period_start' does not exist on type 'Subscription'.
src/app/api/auth/stripe-check/route.ts(146,44): error TS2339: Property 'current_period_end' does not exist on type 'Subscription'.
